ASxxxx Linker V03.00/V05.40 + sdld,  page 1.
Hexadecimal  [32-Bits]

Area                       Addr        Size        Decimal Bytes (Attributes)
--------------------       ----        ----        ------- ----- ------------
.  .ABS.               00000000    00000000 =           0. bytes (ABS,CON)

        Value  Global            Value  Global            Value  Global    
        -----  ------            -----  ------            -----  ------    
     00000000  .__.ABS.  |    00000000  _rRAMG    |    00000000  l__BASE  
     00000000  l__BSS    |    00000000  l__CABS   |    00000000  l__CODE_0
     00000000  l__DABS   |    00000000  l__FONT_H |    00000000  l__HEADER
     00000000  l__HEADER |    00000000  l__HEAP   |    00000000  l__HEAP_E
     00000000  l__HRAM   |    00000000  l__LIT    |    00000000  s__CABS  
     00000000  s__DABS   |    00000000  s__FONT_H |    00000000  s__FONT_H
     00000000  s__HEADER |    00000000  s__HEADER |    00000000  s__HEADER
     00000000  s__HEADER |    00000000  s__HEADER |    00000000  s__HEADER
     00000000  s__HEADER |    00000000  s__HEADER |    00000000  s__HEADER
     00000000  s__HEADER |    00000000  s__HEADER |    00000000  s__HEADER
     00000000  s__HEADER |    00000000  s__HEADER |    00000000  s__HEADER
     00000000  s__HEADER |    00000000  s__HEADER |    00000000  s__HEADER
     00000000  s__HEADER |    00000000  s__HEADER |    00000000  s__HEADER
     00000000  s__HRAM   |    00000000  s__HRAM12 |    00000001  l__GSFINA
     00000001  l__HEADER |    00000001  l__HEADER |    00000001  l__HEADER
     00000001  l__HEADER |    00000001  l__HEADER |    00000001  l__HEADER
     00000001  l__HEADER |    00000002  l__HEADER |    00000002  l__HEADER
     00000002  l__HEADER |    00000003  l__FONT_H |    00000003  l__HEADER
     00000003  l__HEADER |    00000003  l__HRAM12 |    00000005  l__HEADER
     00000006  l__HEADER |    00000007  l__HEADER |    00000008  l__HEADER
     0000001B  l__GSINIT |    0000001D  l__INITIA |    0000001D  l__INITIA
     00000030  l__HEADER |    0000005C  l__HEADER |    000000A6  l__DATA  
     000000AF  l__HEADER |    00000200  s__CODE   |    0000093C  l__HOME  
     00002000  _rROMB0   |    0000207A  l__CODE   |    0000227A  s__HOME  
     00002BB6  s__BASE   |    00002BB6  s__CODE_0 |    00002BB6  s__INITIA
     00002BB6  s__LIT    |    00002BD3  s__GSINIT |    00002BEE  s__GSFINA
     00003000  _rROMB1   |    00004000  _rRAMB    |    00008000  __VRAM   
     00008000  __VRAM800 |    00008800  __VRAM880 |    00009000  __VRAM900
     00009800  __SCRN0   |    00009C00  __SCRN1   |    0000A000  __SRAM   
     0000C000  __RAM     |    0000C000  _shadow_O |    0000C0A0  s__DATA  
     0000C146  s__BSS    |    0000C146  s__INITIA |    0000C163  s__HEAP  
     0000C163  s__HEAP_E |    0000D000  __RAMBANK |    0000E000  .STACK   
     0000FE00  __OAMRAM  |    0000FF00  _P1_REG   |    0000FF00  __IO     
     0000FF01  _SB_REG   |    0000FF02  _SC_REG   |    0000FF04  _DIV_REG 
     0000FF05  _TIMA_REG |    0000FF06  _TMA_REG  |    0000FF07  _TAC_REG 
     0000FF0F  _IF_REG   |    0000FF10  _NR10_REG |    0000FF11  _NR11_REG
     0000FF12  _NR12_REG |    0000FF13  _NR13_REG |    0000FF14  _NR14_REG
     0000FF16  _NR21_REG |    0000FF17  _NR22_REG |    0000FF18  _NR23_REG
     0000FF19  _NR24_REG |    0000FF1A  _NR30_REG |    0000FF1B  _NR31_REG
     0000FF1C  _NR32_REG |    0000FF1D  _NR33_REG |    0000FF1E  _NR34_REG
     0000FF20  _NR41_REG |    0000FF21  _NR42_REG |    0000FF22  _NR43_REG
     0000FF23  _NR44_REG |    0000FF24  _NR50_REG |    0000FF25  _NR51_REG
     0000FF26  _NR52_REG |    0000FF30  _AUD3WAVE |    0000FF30  _PCM_SAMP
     0000FF30  __AUD3WAV |    0000FF40  _LCDC_REG |    0000FF41  _STAT_REG
     0000FF42  _SCY_REG  |    0000FF43  _SCX_REG  |    0000FF44  _LY_REG  
     0000FF45  _LYC_REG  |    0000FF46  _DMA_REG  |    0000FF47  _BGP_REG 
     0000FF48  _OBP0_REG |    0000FF49  _OBP1_REG |    0000FF4A  _WY_REG  
     0000FF4B  _WX_REG   |    0000FF4D  _KEY1_REG |    0000FF4F  _VBK_REG 
     0000FF51  _HDMA1_RE |    0000FF52  _HDMA2_RE |    0000FF53  _HDMA3_RE
     0000FF54  _HDMA4_RE |    0000FF55  _HDMA5_RE |    0000FF56  _RP_REG  
ASxxxx Linker V03.00/V05.40 + sdld,  page 2.
Hexadecimal  [32-Bits]

Area                       Addr        Size        Decimal Bytes (Attributes)
--------------------       ----        ----        ------- ----- ------------
.  .ABS.               00000000    00000000 =           0. bytes (ABS,CON)

        Value  Global            Value  Global            Value  Global    
        -----  ------            -----  ------            -----  ------    
     0000FF68  _BCPS_REG |    0000FF69  _BCPD_REG |    0000FF6A  _OCPS_REG
     0000FF6B  _OCPD_REG |    0000FF70  _SVBK_REG |    0000FF76  _PCM12_RE
     0000FF77  _PCM34_RE |    0000FF80  .refresh_ |    0000FF80  __HRAM   
     0000FFFF  _IE_REG  
ASxxxx Linker V03.00/V05.40 + sdld,  page 3.
Hexadecimal  [32-Bits]

Area                       Addr        Size        Decimal Bytes (Attributes)
--------------------       ----        ----        ------- ----- ------------
_CODE                  00000200    0000207A =        8314. bytes (REL,CON)

        Value  Global            Value  Global            Value  Global    
        -----  ------            -----  ------            -----  ------    
     00000200  _show_bio |    0000026D  _main     |    000002E1  _fill_bkg
     00000325  _draw_tex |    00000380  _draw_tex |    00000420  _gbs_draw
     000007DD  _gbs_draw |    00000913  _ui_home_ |    00000A0F  _get_sele
     00000A13  _ui_home_ |    00000B62  _ui_init  |    00000B75  _run_home
     00000BEF  _start_mi |    0000150F  _update_p |    00001522  _paint_at
     000015C7  _start_pa |    0000175E  _init_sou |    0000176B  _play_chi
     00001784  _play_sou |    0000187F  _load_all |    0000191A  _gbs_pale
     00001922  _gbs_pale |    0000192A  _gbs_pale |    00001932  _gbs_pale
     0000193A  _gbs_pale |    00001942  _gbs_pale |    0000194A  _gbs_pale
     00001952  _gbs_pale |    0000195A  _gbs_pale |    00001962  _gbs_desk
     00001972  _gbs_cont |    00001982  _gbs_fram |    00001A02  _gbs_titl
     00001A32  _gbs_titl |    00001A62  _gbs_deco |    00001A92  _gbs_scro
     00001AD2  _mineswee |    00001B02  _mineswee |    00001B82  _home_ui_
     00001B92  _ui_curso |    00001BA2  _paint_cu |    00001BB2  _mineswee
     00001BC2  _mineswee |    00001BE2  _paint_ic |    00001C02  _exit_ico
     00001C22  _paint_to |    00001C32  _paint_fi |    00001C42  _mineswee
     00001C4A  _ui_curso |    00001C52  _paint_cu |    00001C5A  _load_all
     00001D50  _set_spri |    00001D55  _set_bkg_ |    00001D58  .set_pale
     00001D77  _set_spri |    00001D7C  _set_bkg_ |    00001D7F  .set_pale
     00001D9B  _set_vram |    00001DA4  _set_win_ |    00001DAC  _set_bkg_
     00001E0D  ___printf |    0000215C  _sprintf  |    0000217D  _printf  
     00002192  __divsuch |    00002198  __modsuch |    000021A1  __divusch
     000021AA  __modusch |    000021B7  __divscha |    000021BC  __modscha
     000021C3  __divsint |    000021CC  __modsint |    000021D8  __divucha
     000021DD  __moducha |    000021E4  __divuint |    000021ED  __moduint
     000021F9  .div8     |    000021F9  .mod8     |    00002201  .div16   
     00002201  .mod16    |    00002237  .divu8    |    00002237  .modu8   
     0000223A  .divu16   |    0000223A  .modu16  
ASxxxx Linker V03.00/V05.40 + sdld,  page 4.
Hexadecimal  [32-Bits]

Area                       Addr        Size        Decimal Bytes (Attributes)
--------------------       ----        ----        ------- ----- ------------
_HEADER0               00000000    00000001 =           1. bytes (ABS,CON)

        Value  Global            Value  Global            Value  Global    
        -----  ------            -----  ------            -----  ------    
     00000020  .call_hl 
ASxxxx Linker V03.00/V05.40 + sdld,  page 5.
Hexadecimal  [32-Bits]

Area                       Addr        Size        Decimal Bytes (Attributes)
--------------------       ----        ----        ------- ----- ------------
_HEADER1               00000000    00000005 =           5. bytes (ABS,CON)

        Value  Global            Value  Global            Value  Global    
        -----  ------            -----  ------            -----  ------    
     00000028  .MemsetSm
ASxxxx Linker V03.00/V05.40 + sdld,  page 6.
Hexadecimal  [32-Bits]

Area                       Addr        Size        Decimal Bytes (Attributes)
--------------------       ----        ----        ------- ----- ------------
_HEADER2               00000000    00000007 =           7. bytes (ABS,CON)

        Value  Global            Value  Global            Value  Global    
        -----  ------            -----  ------            -----  ------    
     00000030  .MemcpySm
ASxxxx Linker V03.00/V05.40 + sdld,  page 7.
Hexadecimal  [32-Bits]

Area                       Addr        Size        Decimal Bytes (Attributes)
--------------------       ----        ----        ------- ----- ------------
_HEADER3               00000000    00000008 =           8. bytes (ABS,CON)

        Value  Global            Value  Global            Value  Global    
        -----  ------            -----  ------            -----  ------    
ASxxxx Linker V03.00/V05.40 + sdld,  page 8.
Hexadecimal  [32-Bits]

Area                       Addr        Size        Decimal Bytes (Attributes)
--------------------       ----        ----        ------- ----- ------------
_HEADER4               00000000    0000005C =          92. bytes (ABS,CON)

        Value  Global            Value  Global            Value  Global    
        -----  ------            -----  ------            -----  ------    
     00000080  .int      |    0000008F  _wait_int |    0000009C  __standar
     000000AB  _refresh_ |    000000CC  .wait_vbl |    000000CC  _vsync   
     000000CC  _wait_vbl
ASxxxx Linker V03.00/V05.40 + sdld,  page 9.
Hexadecimal  [32-Bits]

Area                       Addr        Size        Decimal Bytes (Attributes)
--------------------       ----        ----        ------- ----- ------------
_HEADER5               00000000    00000001 =           1. bytes (ABS,CON)

        Value  Global            Value  Global            Value  Global    
        -----  ------            -----  ------            -----  ------    
ASxxxx Linker V03.00/V05.40 + sdld,  page 10.
Hexadecimal  [32-Bits]

Area                       Addr        Size        Decimal Bytes (Attributes)
--------------------       ----        ----        ------- ----- ------------
_HEADER6               00000000    00000002 =           2. bytes (ABS,CON)

        Value  Global            Value  Global            Value  Global    
        -----  ------            -----  ------            -----  ------    
ASxxxx Linker V03.00/V05.40 + sdld,  page 11.
Hexadecimal  [32-Bits]

Area                       Addr        Size        Decimal Bytes (Attributes)
--------------------       ----        ----        ------- ----- ------------
_HEADER7               00000000    00000030 =          48. bytes (ABS,CON)

        Value  Global            Value  Global            Value  Global    
        -----  ------            -----  ------            -----  ------    
ASxxxx Linker V03.00/V05.40 + sdld,  page 12.
Hexadecimal  [32-Bits]

Area                       Addr        Size        Decimal Bytes (Attributes)
--------------------       ----        ----        ------- ----- ------------
_HEADER8               00000000    00000006 =           6. bytes (ABS,CON)

        Value  Global            Value  Global            Value  Global    
        -----  ------            -----  ------            -----  ------    
ASxxxx Linker V03.00/V05.40 + sdld,  page 13.
Hexadecimal  [32-Bits]

Area                       Addr        Size        Decimal Bytes (Attributes)
--------------------       ----        ----        ------- ----- ------------
_HEADER9               00000000    00000003 =           3. bytes (ABS,CON)

        Value  Global            Value  Global            Value  Global    
        -----  ------            -----  ------            -----  ------    
ASxxxx Linker V03.00/V05.40 + sdld,  page 14.
Hexadecimal  [32-Bits]

Area                       Addr        Size        Decimal Bytes (Attributes)
--------------------       ----        ----        ------- ----- ------------
_HEADERa               00000000    00000001 =           1. bytes (ABS,CON)

        Value  Global            Value  Global            Value  Global    
        -----  ------            -----  ------            -----  ------    
ASxxxx Linker V03.00/V05.40 + sdld,  page 15.
Hexadecimal  [32-Bits]

Area                       Addr        Size        Decimal Bytes (Attributes)
--------------------       ----        ----        ------- ----- ------------
_HEADERb               00000000    00000001 =           1. bytes (ABS,CON)

        Value  Global            Value  Global            Value  Global    
        -----  ------            -----  ------            -----  ------    
ASxxxx Linker V03.00/V05.40 + sdld,  page 16.
Hexadecimal  [32-Bits]

Area                       Addr        Size        Decimal Bytes (Attributes)
--------------------       ----        ----        ------- ----- ------------
_HEADERc               00000000    00000001 =           1. bytes (ABS,CON)

        Value  Global            Value  Global            Value  Global    
        -----  ------            -----  ------            -----  ------    
ASxxxx Linker V03.00/V05.40 + sdld,  page 17.
Hexadecimal  [32-Bits]

Area                       Addr        Size        Decimal Bytes (Attributes)
--------------------       ----        ----        ------- ----- ------------
_HEADERd               00000000    00000002 =           2. bytes (ABS,CON)

        Value  Global            Value  Global            Value  Global    
        -----  ------            -----  ------            -----  ------    
ASxxxx Linker V03.00/V05.40 + sdld,  page 18.
Hexadecimal  [32-Bits]

Area                       Addr        Size        Decimal Bytes (Attributes)
--------------------       ----        ----        ------- ----- ------------
_HEADERe               00000000    00000001 =           1. bytes (ABS,CON)

        Value  Global            Value  Global            Value  Global    
        -----  ------            -----  ------            -----  ------    
ASxxxx Linker V03.00/V05.40 + sdld,  page 19.
Hexadecimal  [32-Bits]

Area                       Addr        Size        Decimal Bytes (Attributes)
--------------------       ----        ----        ------- ----- ------------
_HEADERf               00000000    00000001 =           1. bytes (ABS,CON)

        Value  Global            Value  Global            Value  Global    
        -----  ------            -----  ------            -----  ------    
ASxxxx Linker V03.00/V05.40 + sdld,  page 20.
Hexadecimal  [32-Bits]

Area                       Addr        Size        Decimal Bytes (Attributes)
--------------------       ----        ----        ------- ----- ------------
_HEADER10              00000000    00000002 =           2. bytes (ABS,CON)

        Value  Global            Value  Global            Value  Global    
        -----  ------            -----  ------            -----  ------    
ASxxxx Linker V03.00/V05.40 + sdld,  page 21.
Hexadecimal  [32-Bits]

Area                       Addr        Size        Decimal Bytes (Attributes)
--------------------       ----        ----        ------- ----- ------------
_HEADER11              00000000    000000AF =         175. bytes (ABS,CON)

        Value  Global            Value  Global            Value  Global    
        -----  ------            -----  ------            -----  ------    
     00000150  .reset    |    00000150  _reset    |    00000157  .code_sta
     000001B9  _exit     |    000001BD  _set_inte |    000001D1  .remove_V
     000001D1  _remove_V |    000001D4  .remove_i |    000001F1  .add_VBL 
     000001F1  _add_VBL  |    000001F4  .add_int 
ASxxxx Linker V03.00/V05.40 + sdld,  page 22.
Hexadecimal  [32-Bits]

Area                       Addr        Size        Decimal Bytes (Attributes)
--------------------       ----        ----        ------- ----- ------------
_HOME                  0000227A    0000093C =        2364. bytes (REL,CON)

        Value  Global            Value  Global            Value  Global    
        -----  ------            -----  ------            -----  ------    
     0000227A  .memset_s |    00002283  .memcpy_s |    000022A0  .display_
     000022A0  _display_ |    000022B8  _font_loa |    000022BF  font_load
     00002307  font_copy |    0000233D  font_set  |    0000234A  .put_char
     00002362  .out_char |    00002368  .del_char |    000023BE  _putchar 
     000023C7  _setchar  |    000023D0  _font_loa |    000023DE  _font_set
     000023ED  _font_ini |    0000240C  .cls      |    0000240C  _cls     
     0000242E  _gotoxy   |    00002439  _posx     |    0000244A  _posy    
     00002472  .cr_curs  |    00002487  .adv_curs |    000024E3  .tmode   
     00002500  .tmode_ou |    00002509  _set_tile |    0000250E  _set_bkg_
     0000250E  _set_win_ |    00002516  _set_spri |    00002546  _fill_bkg
     00002558  .padup    |    00002558  _waitpadu |    00002568  .jpad    
     00002568  _joypad   |    00002590  _waitpad  |    00002591  .wait_pad
     00002598  ___sdcc_c |    00002599  _color    |    00002599  _set_1bpp
     000025A8  .drawing_ |    000025C5  _font_ibm |    000029A6  .add_LCD 
     000029A6  _add_LCD  |    000029AC  .remove_L |    000029AC  _remove_L
     000029B2  .delay    |    000029B2  _delay    |    000029DE  _strlen  
     000029E3  .strlen   |    000029EC  _set_bkg_ |    00002A00  _uitoa   
     00002A0F  _itoa     |    00002A1E  .itoa     |    00002A32  .utoa    
     00002AA6  _set_bkg_ |    00002AA6  _set_win_ |    00002AAE  _set_spri
     00002B06  .fill_rec |    00002B0F  .fill_rec |    00002B5C  .set_xy_w
     00002B65  .set_xy_b |    00002B74  .set_xy_t
ASxxxx Linker V03.00/V05.40 + sdld,  page 23.
Hexadecimal  [32-Bits]

Area                       Addr        Size        Decimal Bytes (Attributes)
--------------------       ----        ----        ------- ----- ------------
_INITIALIZER           00002BB6    0000001D =          29. bytes (REL,CON)

        Value  Global            Value  Global            Value  Global    
        -----  ------            -----  ------            -----  ------    
ASxxxx Linker V03.00/V05.40 + sdld,  page 24.
Hexadecimal  [32-Bits]

Area                       Addr        Size        Decimal Bytes (Attributes)
--------------------       ----        ----        ------- ----- ------------
_GSINIT                00002BD3    0000001B =          27. bytes (REL,CON)

        Value  Global            Value  Global            Value  Global    
        -----  ------            -----  ------            -----  ------    
     00002BD3  gsinit   
ASxxxx Linker V03.00/V05.40 + sdld,  page 25.
Hexadecimal  [32-Bits]

Area                       Addr        Size        Decimal Bytes (Attributes)
--------------------       ----        ----        ------- ----- ------------
_GSFINAL               00002BEE    00000001 =           1. bytes (REL,CON)

        Value  Global            Value  Global            Value  Global    
        -----  ------            -----  ------            -----  ------    
ASxxxx Linker V03.00/V05.40 + sdld,  page 26.
Hexadecimal  [32-Bits]

Area                       Addr        Size        Decimal Bytes (Attributes)
--------------------       ----        ----        ------- ----- ------------
_DATA                  0000C0A0    000000A6 =         166. bytes (REL,CON)

        Value  Global            Value  Global            Value  Global    
        -----  ------            -----  ------            -----  ------    
     0000C0A0  __cpu     |    0000C0A1  __is_GBA  |    0000C0A2  .mode    
     0000C0A3  .sys_time |    0000C0A3  _sys_time |    0000C0A5  .int_0x40
     0000C0B1  _current_ |    0000C0B2  _joypad_s |    0000C0B6  _ms_board
     0000C106  _ms_curso |    0000C107  _ms_curso |    0000C108  _ms_mines
     0000C109  _ms_flags |    0000C10A  _ms_game_ |    0000C10B  _ms_revea
     0000C10C  _ms_total |    0000C128  font_curr |    0000C12B  font_firs
     0000C12C  font_tabl |    0000C13E  .int_0x48
ASxxxx Linker V03.00/V05.40 + sdld,  page 27.
Hexadecimal  [32-Bits]

Area                       Addr        Size        Decimal Bytes (Attributes)
--------------------       ----        ----        ------- ----- ------------
_INITIALIZED           0000C146    0000001D =          29. bytes (REL,CON)

        Value  Global            Value  Global            Value  Global    
        -----  ------            -----  ------            -----  ------    
     0000C14D  _blank_ti |    0000C15D  .curx     |    0000C15E  .cury    
     0000C15F  .fg_colou |    0000C15F  __current |    0000C160  .bg_colou
     0000C161  .draw_mod |    0000C162  __map_til
ASxxxx Linker V03.00/V05.40 + sdld,  page 28.
Hexadecimal  [32-Bits]

Area                       Addr        Size        Decimal Bytes (Attributes)
--------------------       ----        ----        ------- ----- ------------
_HRAM12                00000000    00000003 =           3. bytes (ABS,CON)

        Value  Global            Value  Global            Value  Global    
        -----  ------            -----  ------            -----  ------    
     0000FF90  __current |    0000FF92  __shadow_
ASxxxx Linker V03.00/V05.40 + sdld,  page 29.
Hexadecimal  [32-Bits]

Area                       Addr        Size        Decimal Bytes (Attributes)
--------------------       ----        ----        ------- ----- ------------
_FONT_HEADER0          00000000    00000003 =           3. bytes (ABS,CON)

        Value  Global            Value  Global            Value  Global    
        -----  ------            -----  ------            -----  ------    
ASxxxx Linker V03.00/V05.40 + sdld,  page 30.
Hexadecimal  [32-Bits]

Area                       Addr        Size        Decimal Bytes (Attributes)
--------------------       ----        ----        ------- ----- ------------
_HEADER_LCD0           00000000    00000003 =           3. bytes (ABS,CON)

        Value  Global            Value  Global            Value  Global    
        -----  ------            -----  ------            -----  ------    
ASxxxx Linker V03.00/V05.40 + sdld,  page 31.

Files Linked                              [ module(s) ]

/tmp/gbdk/lib/gb/crt0.o                   [ Runtime ]
/tmp/lcc45470.o                           [ main ]
/tmp/lcc45471.o                           [ ui ]
/tmp/lcc45472.o                           [ minesweeper ]
/tmp/lcc45473.o                           [ paint ]
/tmp/lcc45474.o                           [ sound ]
/tmp/lcc45475.o                           [ tiles ]


Libraries Linked                          [ object file ]

/tmp/gbdk/lib/gb/gb.lib                   [ font.o ]
/tmp/gbdk/lib/gb/gb.lib                   [ cgb_palettes.o ]
/tmp/gbdk/lib/gb/gb.lib                   [ set_data.o ]
/tmp/gbdk/lib/gb/gb.lib                   [ set_tile.o ]
/tmp/gbdk/lib/gb/gb.lib                   [ sfr.o ]
/tmp/gbdk/lib/sm83/sm83.lib               [ sprintf.o ]
/tmp/gbdk/lib/gb/gb.lib                   [ fill_rect_bk.o ]
/tmp/gbdk/lib/gb/gb.lib                   [ pad.o ]
/tmp/gbdk/lib/sm83/sm83.lib               [ __sdcc_call_hl.o ]
/tmp/gbdk/lib/gb/gb.lib                   [ color.o ]
/tmp/gbdk/lib/gb/gb.lib                   [ drawing_isr.o ]
/tmp/gbdk/lib/gb/gb.lib                   [ f_ibm_sh.o ]
/tmp/gbdk/lib/gb/gb.lib                   [ lcd.o ]
/tmp/gbdk/lib/gb/gb.lib                   [ delay.o ]
/tmp/gbdk/lib/sm83/sm83.lib               [ printf.o ]
/tmp/gbdk/lib/sm83/sm83.lib               [ strlen.o ]
/tmp/gbdk/lib/sm83/sm83.lib               [ div.o ]
/tmp/gbdk/lib/gb/gb.lib                   [ set_bk_t.o ]
/tmp/gbdk/lib/sm83/sm83.lib               [ itoa.o ]
/tmp/gbdk/lib/gb/gb.lib                   [ set_1bit_data.o ]
/tmp/gbdk/lib/gb/gb.lib                   [ fill_rect.o ]
/tmp/gbdk/lib/gb/gb.lib                   [ set_xy_t.o ]

ASxxxx Linker V03.00/V05.40 + sdld,  page 32.

User Base Address Definitions

_DATA=0xC0A0
_CODE=0x0200
ASxxxx Linker V03.00/V05.40 + sdld,  page 33.

User Global Definitions

_shadow_OAM=0xC000
.STACK=0xE000
.refresh_OAM=0xFF80

